[2026-01-09T08:30:14.064Z] --- DELETE /complaints/:id ENTRY ---
[2026-01-09T08:30:14.066Z] ID: 6960a54cb081e95930393bfb
[2026-01-09T08:30:14.067Z] User ID from token: 6956964f52eb76268b2d0fc1
[2026-01-09T08:30:14.068Z] User Role from token: student
[2026-01-09T08:30:14.220Z] Is Owner: true
[2026-01-09T08:30:14.222Z] Is Admin: false
[2026-01-09T08:30:14.223Z] Complaint CreatedBy: 6956964f52eb76268b2d0fc1
[2026-01-09T08:30:14.224Z] Complaint StudentId: 202202798
[2026-01-09T08:30:14.225Z] User StudentId: 202202798
[2026-01-09T08:30:14.295Z] Complaint DELETED SUCCESSFULLY
[2026-01-09T12:08:42.949Z] --- DELETE /complaints/:id ENTRY ---
[2026-01-09T12:08:42.951Z] ID: 6960c10ef2624821e1cb3481
[2026-01-09T12:08:42.953Z] User ID from token: 6956964f52eb76268b2d0fc1
[2026-01-09T12:08:42.963Z] User Role from token: student
[2026-01-09T12:08:43.051Z] Is Owner: true
[2026-01-09T12:08:43.056Z] Is Admin: false
[2026-01-09T12:08:43.058Z] Complaint CreatedBy: 6956964f52eb76268b2d0fc1
[2026-01-09T12:08:43.060Z] Complaint StudentId: 202202798
[2026-01-09T12:08:43.062Z] User StudentId: 202202798
[2026-01-09T12:08:43.118Z] Complaint DELETED SUCCESSFULLY
